state,frequency,pct
0000,249838,0.249838
1111,120120,0.12012
1110,4719,0.004719
1001,4760,0.00476
1000,120424,0.120424
1100,86703,0.086703
1101,38250,0.03825
1010,38908,0.038908
1011,86281,0.086281
0011,125591,0.125591
0010,124406,0.124406
