state,frequency,pct
11,500842,0.500842
00,499158,0.499158
